[jthemes.net/themes/html/quizo/version-1/index.html]
[backblue.gif]
[fade.gif]
[index.html]
[cdnjs.cloudflare.com/ajax/libs/font-awesome/5.15.3/css/all.min.css]
[jthemes.net/themes/html/quizo/version-1/assets/css/bootstrap.min.css]
[jthemes.net/themes/html/quizo/version-1/assets/css/animate.min.css]
[jthemes.net/themes/html/quizo/version-1/assets/css/style.css]
[jthemes.net/themes/html/quizo/version-1/assets/images/bg_1.png]
[jthemes.net/themes/html/quizo/version-1/assets/images/bg_2.png]
[jthemes.net/themes/html/quizo/version-1/assets/images/bg_3.png]
[jthemes.net/themes/html/quizo/version-1/assets/images/bg_4.png]
[jthemes.net/themes/html/quizo/version-1/assets/js/jquery-3.6.0.min.js]
[jthemes.net/themes/html/quizo/version-1/assets/js/bootstrap.min.js]
[jthemes.net/themes/html/quizo/version-1/assets/js/jquery.validate.min.js]
[jthemes.net/themes/html/quizo/version-1/index.html]
[jthemes.net/themes/html/quizo/version-1/assets/js/script.js]
[cdnjs.cloudflare.com/ajax/libs/font-awesome/5.15.3/css/all.min.css]
[jthemes.net/themes/html/quizo/version-1/assets/css/bootstrap.min.css]
[jthemes.net/themes/html/quizo/version-1/assets/css/animate.min.css]
[jthemes.net/themes/html/quizo/version-1/assets/images/bg.png]
[jthemes.net/themes/html/quizo/version-1/assets/css/style.css]
